[42176:2240:0704/155604.219:WARNING:chrome\browser\extensions\activity_log\activity_log_policy.cc:68] Scheduling init
[42176:2240:0704/155604.219:WARNING:chrome\browser\extensions\activity_log\activity_log_policy.cc:68] Scheduling init
[42176:2240:0704/155604.564:WARNING:components\signin\internal\identity_manager\account_fetcher_service.cc:233] Edge does not support fetching account capabilities
[42176:2240:0704/155604.564:WARNING:components\signin\internal\identity_manager\account_fetcher_service.cc:195] Should not execute: Tests depending on this function may fail
[42176:33316:0704/155604.584:ERROR:chrome\browser\importer\edge_china_browsers\edge_qqbrowser_importer_utils_win.cc:163] QQBrowser user data path not found.
[40680:14552:0704/155604.924:INFO:third_party\webrtc\rtc_base\cpu_info.cc:57] Available number of cores: 16
[43980:1964:0704/155604.934:VERBOSE1:components\viz\service\main\viz_main_impl.cc:86] VizNullHypothesis is disabled (not a warning)
[37312:26132:0704/155604.934:INFO:third_party\webrtc\rtc_base\cpu_info.cc:57] Available number of cores: 16
[42176:2240:0704/155605.055:INFO:CONSOLE:0] "The source list for the Content Security Policy directive 'connect-src' contains an invalid source: '*-ib.msn.com'. It will be ignored.", source: https://ntp.msn.cn/edge/ntp?locale=zh-CN&title=%E6%96%B0%E5%BB%BA%E6%A0%87%E7%AD%BE%E9%A1%B5&fre=1&dsp=1&sp=%E5%BF%85%E5%BA%94&feed_dis=peek&en_widget_reg=false&startpage=1&PC=NMTS (0)
[42176:2240:0704/155605.107:INFO:CONSOLE:1] "The source list for the Content Security Policy directive 'connect-src' contains an invalid source: '*-ib.msn.com'. It will be ignored.", source: https://assets.msn.cn/staticsb/statics/latest/oneTrustCN/1.1/scripttemplates/otSDKStub.js (1)
[42176:2240:0704/155605.108:INFO:CONSOLE:1] "The source list for the Content Security Policy directive 'connect-src' contains an invalid source: '*-ib.msn.com'. It will be ignored.", source: https://assets.msn.cn/staticsb/statics/latest/oneTrustCN/1.1/scripttemplates/otSDKStub.js (1)
[12816:35276:0704/155605.112:ERROR:net\socket\ssl_client_socket_impl.cc:910] handshake failed; returned -1, SSL error code 1, net_error -101
[42176:2240:0704/155605.117:INFO:CONSOLE:0] "The source list for the Content Security Policy directive 'connect-src' contains an invalid source: '*-ib.msn.com'. It will be ignored.", source: https://ntp.msn.cn/edge/ntp?locale=zh-CN&title=%E6%96%B0%E5%BB%BA%E6%A0%87%E7%AD%BE%E9%A1%B5&fre=1&dsp=1&sp=%E5%BF%85%E5%BA%94&feed_dis=peek&en_widget_reg=false&startpage=1&PC=NMTS (0)
[12816:35276:0704/155605.177:ERROR:net\socket\ssl_client_socket_impl.cc:910] handshake failed; returned -1, SSL error code 1, net_error -101
[12816:35276:0704/155605.255:ERROR:net\socket\ssl_client_socket_impl.cc:910] handshake failed; returned -1, SSL error code 1, net_error -101
[12816:35276:0704/155605.312:ERROR:net\socket\ssl_client_socket_impl.cc:910] handshake failed; returned -1, SSL error code 1, net_error -101
[10236:35092:0704/155605.317:INFO:third_party\webrtc\rtc_base\cpu_info.cc:57] Available number of cores: 16
[37312:20024:0704/155606.694:INFO:third_party\blink\renderer\modules\peerconnection\peer_connection_dependency_factory.cc:802] Running WebRTC with a combined Network and Worker thread.
[37312:20024:0704/155606.694:INFO:third_party\webrtc\media\engine\webrtc_voice_engine.cc:478] WebRtcVoiceEngine::WebRtcVoiceEngine
[37312:42988:0704/155606.694:INFO:third_party\webrtc\media\engine\webrtc_voice_engine.cc:500] WebRtcVoiceEngine::Init
[37312:42988:0704/155606.695:INFO:third_party\webrtc\media\engine\webrtc_voice_engine.cc:603] WebRtcVoiceEngine::ApplyOptions: AudioOptions {aec: 1, agc: 1, ns: 1, hf: 1, swap: 0, audio_jitter_buffer_max_packets: 200, audio_jitter_buffer_fast_accelerate: 0, audio_jitter_buffer_min_delay_ms: 0, }
[37312:20024:0704/155608.365:INFO:third_party\webrtc\media\base\codec.cc:395] Explicitly added H264 constrained baseline to list of supported formats.
[37312:42988:0704/155608.366:INFO:third_party\webrtc\pc\peer_connection_factory.cc:412] Using default network controller factory
[37312:42988:0704/155608.366:INFO:third_party\webrtc\modules\pacing\bitrate_prober.cc:54] Bandwidth probing enabled, set to inactive
[37312:42988:0704/155608.366:INFO:third_party\webrtc\modules\remote_bitrate_estimator\transport_sequence_number_feedback_generator.cc:52] Maximum interval between transport feedback RTCP messages: 250 ms
[37312:42988:0704/155608.366:INFO:third_party\webrtc\modules\remote_bitrate_estimator\aimd_rate_control.cc:88] Using aimd rate control with back off factor 0.85
[37312:42988:0704/155608.366:INFO:third_party\webrtc\modules\remote_bitrate_estimator\remote_bitrate_estimator_single_stream.cc:59] RemoteBitrateEstimatorSingleStream: Instantiating.
[37312:20024:0704/155608.367:INFO:third_party\webrtc\media\base\codec.cc:395] Explicitly added H264 constrained baseline to list of supported formats.
[37312:42988:0704/155608.368:INFO:third_party\webrtc\rtc_base\openssl_key_pair.cc:40] Making key pair
[37312:42988:0704/155608.368:INFO:third_party\webrtc\rtc_base\openssl_key_pair.cc:93] Returning key pair
[37312:42988:0704/155608.368:INFO:third_party\webrtc\rtc_base\boringssl_certificate.cc:193] Making certificate for WebRTC
[37312:42988:0704/155608.368:INFO:third_party\webrtc\rtc_base\boringssl_certificate.cc:249] Returning certificate
[37312:42988:0704/155608.376:INFO:third_party\webrtc\p2p\base\p2p_transport_channel.cc:546] Set backup connection ping interval to 25000 milliseconds.
[37312:42988:0704/155608.376:INFO:third_party\webrtc\p2p\base\p2p_transport_channel.cc:555] Set ICE receiving timeout to 2500 milliseconds
[37312:42988:0704/155608.376:INFO:third_party\webrtc\p2p\base\p2p_transport_channel.cc:562] Set ping most likely connection to 0
[37312:42988:0704/155608.376:INFO:third_party\webrtc\p2p\base\p2p_transport_channel.cc:569] Set stable_writable_connection_ping_interval to 2500
[37312:42988:0704/155608.376:INFO:third_party\webrtc\p2p\base\p2p_transport_channel.cc:582] Set presume writable when fully relayed to 0
[37312:42988:0704/155608.376:INFO:third_party\webrtc\p2p\base\p2p_transport_channel.cc:600] Set regather_on_failed_networks_interval to 300000
[37312:42988:0704/155608.376:INFO:third_party\webrtc\p2p\base\p2p_transport_channel.cc:607] Set receiving_switching_delay to 1000
[37312:42988:0704/155608.376:INFO:third_party\webrtc\pc\jsep_transport_controller.cc:1184] Creating DtlsSrtpTransport.
[37312:42988:0704/155608.376:INFO:third_party\webrtc\pc\dtls_srtp_transport.cc:72] Setting RTP Transport on data transport 0x282c0309a000
[37312:42988:0704/155608.384:WARNING:third_party\webrtc\p2p\base\transport_description.cc:39] '-', '=', '#' and '-' are not valid ice-char and thus not permitted in ufrag or pwd. This is a protocol violation that is permitted to allow upgrading but will be rejected in the future. See https://crbug.com/1053756
[37312:42988:0704/155608.385:WARNING:third_party\webrtc\p2p\base\transport_description.cc:39] '-', '=', '#' and '-' are not valid ice-char and thus not permitted in ufrag or pwd. This is a protocol violation that is permitted to allow upgrading but will be rejected in the future. See https://crbug.com/1053756
[37312:42988:0704/155608.385:WARNING:third_party\webrtc\p2p\base\transport_description.cc:39] '-', '=', '#' and '-' are not valid ice-char and thus not permitted in ufrag or pwd. This is a protocol violation that is permitted to allow upgrading but will be rejected in the future. See https://crbug.com/1053756
[37312:42988:0704/155608.385:WARNING:third_party\webrtc\p2p\base\transport_description.cc:39] '-', '=', '#' and '-' are not valid ice-char and thus not permitted in ufrag or pwd. This is a protocol violation that is permitted to allow upgrading but will be rejected in the future. See https://crbug.com/1053756
[37312:42988:0704/155608.385:INFO:third_party\webrtc\p2p\base\p2p_transport_channel.cc:491] Received remote ICE parameters: ufrag=0068T2gAfWEs_8FG0Vu-v6oigoW-Tc7nzPeYllW8RaGPmh6Iu018dxgDD4yU8CcKQFKmPnU=, renomination disabled
[37312:20024:0704/155608.386:INFO:third_party\webrtc\pc\peer_connection.cc:2085] Creating data channel, mid=data
[37312:20024:0704/155608.386:INFO:third_party\webrtc\pc\sdp_offer_answer.cc:3092] Session: 314221779834019967 Old state: stable New state: have-remote-offer
[37312:42988:0704/155608.663:WARNING:third_party\webrtc\pc\peer_connection.cc:2686] data is not ready to use the remote candidate because the local or remote description is not set.
[37312:42988:0704/155608.779:INFO:third_party\webrtc\pc\dtls_srtp_transport.cc:72] Setting RTP Transport on data transport 0x282c0309a000
[37312:42988:0704/155608.779:INFO:third_party\webrtc\p2p\base\p2p_transport_channel.cc:480] Set ICE ufrag: PinO pwd: zmt3a4M17wLtZh1N5d6U2hIu on transport data
[37312:42988:0704/155608.779:WARNING:third_party\webrtc\rtc_base\openssl_stream_adapter.cc:148] WebRTC-ForceDtls13: 
[37312:42988:0704/155608.780:INFO:third_party\webrtc\p2p\dtls\dtls_transport.cc:497] DtlsTransport[data|1|__]: DTLS setup complete, dtls_in_stun: 0
[37312:20024:0704/155608.780:INFO:third_party\webrtc\pc\peer_connection.cc:2085] Creating data channel, mid=data
[37312:20024:0704/155608.780:INFO:third_party\webrtc\pc\sdp_offer_answer.cc:3092] Session: 314221779834019967 Old state: have-remote-offer New state: stable
[37312:42988:0704/155608.780:INFO:third_party\webrtc\p2p\base\p2p_transport_channel.cc:1189] Asynchronously resolving ICE candidate hostname ph5.ynuf.aliapp.org
[37312:42988:0704/155608.780:INFO:third_party\webrtc\p2p\client\basic_port_allocator.cc:367] Start getting ports with turn_port_prune_policy 0
[37312:20024:0704/155608.780:INFO:third_party\webrtc\pc\peer_connection.cc:1867] Changing IceConnectionState 0 => 1
[37312:20024:0704/155608.826:INFO:third_party\webrtc\pc\sdp_offer_answer.cc:3092] Session: 314221779834019967 Old state: stable New state: closed
[37312:42988:0704/155608.826:INFO:third_party\webrtc\pc\peer_connection.cc:2542] Tearing down data channel transport for mid=data
[42176:2240:0704/155609.301:INFO:CONSOLE:0] "-ms-high-contrast is in the process of being deprecated. Please see https://blogs.windows.com/msedgedev/2024/04/29/deprecating-ms-high-contrast/ for tips on updating to the new Forced Colors Mode standard.", source: https://www.taobao.com/ (0)
[42176:2240:0704/155609.301:INFO:CONSOLE:0] "-ms-high-contrast is in the process of being deprecated. Please see https://blogs.windows.com/msedgedev/2024/04/29/deprecating-ms-high-contrast/ for tips on updating to the new Forced Colors Mode standard.", source: https://www.taobao.com/ (0)
[42176:2240:0704/155610.294:INFO:CONSOLE:0] "Images loaded lazily and replaced with placeholders. Load events are deferred. See https://go.microsoft.com/fwlink/?linkid=2048113", source: https://www.taobao.com/ (0)
[37312:20024:0704/155614.696:INFO:third_party\blink\renderer\modules\peerconnection\peer_connection_dependency_factory.cc:802] Running WebRTC with a combined Network and Worker thread.
[37312:20024:0704/155614.696:INFO:third_party\webrtc\media\engine\webrtc_voice_engine.cc:478] WebRtcVoiceEngine::WebRtcVoiceEngine
[37312:42988:0704/155614.696:INFO:third_party\webrtc\media\engine\webrtc_voice_engine.cc:500] WebRtcVoiceEngine::Init
[37312:42988:0704/155614.696:INFO:third_party\webrtc\media\engine\webrtc_voice_engine.cc:603] WebRtcVoiceEngine::ApplyOptions: AudioOptions {aec: 1, agc: 1, ns: 1, hf: 1, swap: 0, audio_jitter_buffer_max_packets: 200, audio_jitter_buffer_fast_accelerate: 0, audio_jitter_buffer_min_delay_ms: 0, }
[37312:20024:0704/155614.698:INFO:third_party\webrtc\media\base\codec.cc:395] Explicitly added H264 constrained baseline to list of supported formats.
[37312:42988:0704/155614.700:INFO:third_party\webrtc\pc\peer_connection_factory.cc:412] Using default network controller factory
[37312:42988:0704/155614.700:INFO:third_party\webrtc\modules\pacing\bitrate_prober.cc:54] Bandwidth probing enabled, set to inactive
[37312:42988:0704/155614.700:INFO:third_party\webrtc\modules\remote_bitrate_estimator\transport_sequence_number_feedback_generator.cc:52] Maximum interval between transport feedback RTCP messages: 250 ms
[37312:42988:0704/155614.700:INFO:third_party\webrtc\modules\remote_bitrate_estimator\aimd_rate_control.cc:88] Using aimd rate control with back off factor 0.85
[37312:42988:0704/155614.700:INFO:third_party\webrtc\modules\remote_bitrate_estimator\remote_bitrate_estimator_single_stream.cc:59] RemoteBitrateEstimatorSingleStream: Instantiating.
[37312:20024:0704/155614.701:INFO:third_party\webrtc\media\base\codec.cc:395] Explicitly added H264 constrained baseline to list of supported formats.
[37312:42988:0704/155614.702:INFO:third_party\webrtc\rtc_base\openssl_key_pair.cc:40] Making key pair
[37312:42988:0704/155614.702:INFO:third_party\webrtc\rtc_base\openssl_key_pair.cc:93] Returning key pair
[37312:42988:0704/155614.702:INFO:third_party\webrtc\rtc_base\boringssl_certificate.cc:193] Making certificate for WebRTC
[37312:42988:0704/155614.703:INFO:third_party\webrtc\rtc_base\boringssl_certificate.cc:249] Returning certificate
[37312:42988:0704/155614.704:INFO:third_party\webrtc\p2p\base\p2p_transport_channel.cc:546] Set backup connection ping interval to 25000 milliseconds.
[37312:42988:0704/155614.704:INFO:third_party\webrtc\p2p\base\p2p_transport_channel.cc:555] Set ICE receiving timeout to 2500 milliseconds
[37312:42988:0704/155614.704:INFO:third_party\webrtc\p2p\base\p2p_transport_channel.cc:562] Set ping most likely connection to 0
[37312:42988:0704/155614.704:INFO:third_party\webrtc\p2p\base\p2p_transport_channel.cc:569] Set stable_writable_connection_ping_interval to 2500
[37312:42988:0704/155614.704:INFO:third_party\webrtc\p2p\base\p2p_transport_channel.cc:582] Set presume writable when fully relayed to 0
[37312:42988:0704/155614.704:INFO:third_party\webrtc\p2p\base\p2p_transport_channel.cc:600] Set regather_on_failed_networks_interval to 300000
[37312:42988:0704/155614.704:INFO:third_party\webrtc\p2p\base\p2p_transport_channel.cc:607] Set receiving_switching_delay to 1000
[37312:42988:0704/155614.705:INFO:third_party\webrtc\pc\jsep_transport_controller.cc:1184] Creating DtlsSrtpTransport.
[37312:42988:0704/155614.705:INFO:third_party\webrtc\pc\dtls_srtp_transport.cc:72] Setting RTP Transport on data transport 0x282c0309a000
[37312:42988:0704/155614.705:WARNING:third_party\webrtc\p2p\base\transport_description.cc:39] '-', '=', '#' and '-' are not valid ice-char and thus not permitted in ufrag or pwd. This is a protocol violation that is permitted to allow upgrading but will be rejected in the future. See https://crbug.com/1053756
[37312:42988:0704/155614.705:WARNING:third_party\webrtc\p2p\base\transport_description.cc:39] '-', '=', '#' and '-' are not valid ice-char and thus not permitted in ufrag or pwd. This is a protocol violation that is permitted to allow upgrading but will be rejected in the future. See https://crbug.com/1053756
[37312:42988:0704/155614.705:WARNING:third_party\webrtc\p2p\base\transport_description.cc:39] '-', '=', '#' and '-' are not valid ice-char and thus not permitted in ufrag or pwd. This is a protocol violation that is permitted to allow upgrading but will be rejected in the future. See https://crbug.com/1053756
[37312:42988:0704/155614.705:WARNING:third_party\webrtc\p2p\base\transport_description.cc:39] '-', '=', '#' and '-' are not valid ice-char and thus not permitted in ufrag or pwd. This is a protocol violation that is permitted to allow upgrading but will be rejected in the future. See https://crbug.com/1053756
[37312:42988:0704/155614.705:INFO:third_party\webrtc\p2p\base\p2p_transport_channel.cc:491] Received remote ICE parameters: ufrag=0068T2gAfWEs_8FG0Vu-v6oigoW-Tc7nzPeYllW8RaGPmh6Iu018dxgDD4yU8CcKQFKmPnU=, renomination disabled
[37312:20024:0704/155614.705:INFO:third_party\webrtc\pc\peer_connection.cc:2085] Creating data channel, mid=data
[37312:20024:0704/155614.705:INFO:third_party\webrtc\pc\sdp_offer_answer.cc:3092] Session: 3411948878313760454 Old state: stable New state: have-remote-offer
[37312:42988:0704/155615.006:WARNING:third_party\webrtc\pc\peer_connection.cc:2686] data is not ready to use the remote candidate because the local or remote description is not set.
[37312:20024:0704/155615.033:INFO:third_party\webrtc\pc\sdp_offer_answer.cc:3092] Session: 3411948878313760454 Old state: have-remote-offer New state: closed
[37312:42988:0704/155615.033:INFO:third_party\webrtc\pc\peer_connection.cc:2542] Tearing down data channel transport for mid=data
[42176:2240:0704/155616.345:INFO:CONSOLE:0] "Images loaded lazily and replaced with placeholders. Load events are deferred. See https://go.microsoft.com/fwlink/?linkid=2048113", source: https://www.taobao.com/ (0)
[21144:37476:0704/155617.793:INFO:third_party\webrtc\rtc_base\cpu_info.cc:57] Available number of cores: 16
[42176:2240:0704/155617.893:INFO:CONSOLE:1] "Error", source: https://g.alicdn.com/AWSC/et/1.83.8/et_f.js (1)
[42176:2240:0704/155618.302:INFO:CONSOLE:1] "Error", source: https://g.alicdn.com/AWSC/fireyejs/1.231.28/fireyejs.js (1)
[42176:2240:0704/155618.435:INFO:CONSOLE:1] "Error", source: https://g.alicdn.com/AWSC/et/1.83.8/et_f.js (1)
[10236:40232:0704/155618.476:INFO:third_party\blink\renderer\modules\peerconnection\peer_connection_dependency_factory.cc:802] Running WebRTC with a combined Network and Worker thread.
[10236:40232:0704/155618.476:INFO:third_party\webrtc\media\engine\webrtc_voice_engine.cc:478] WebRtcVoiceEngine::WebRtcVoiceEngine
[10236:5892:0704/155618.476:INFO:third_party\webrtc\media\engine\webrtc_voice_engine.cc:500] WebRtcVoiceEngine::Init
[10236:5892:0704/155618.476:INFO:third_party\webrtc\media\engine\webrtc_voice_engine.cc:603] WebRtcVoiceEngine::ApplyOptions: AudioOptions {aec: 1, agc: 1, ns: 1, hf: 1, swap: 0, audio_jitter_buffer_max_packets: 200, audio_jitter_buffer_fast_accelerate: 0, audio_jitter_buffer_min_delay_ms: 0, }
[10236:40232:0704/155618.482:INFO:third_party\webrtc\media\base\codec.cc:395] Explicitly added H264 constrained baseline to list of supported formats.
[10236:5892:0704/155618.484:INFO:third_party\webrtc\pc\peer_connection_factory.cc:412] Using default network controller factory
[10236:5892:0704/155618.484:INFO:third_party\webrtc\modules\pacing\bitrate_prober.cc:54] Bandwidth probing enabled, set to inactive
[10236:5892:0704/155618.484:INFO:third_party\webrtc\modules\remote_bitrate_estimator\transport_sequence_number_feedback_generator.cc:52] Maximum interval between transport feedback RTCP messages: 250 ms
[10236:5892:0704/155618.484:INFO:third_party\webrtc\modules\remote_bitrate_estimator\aimd_rate_control.cc:88] Using aimd rate control with back off factor 0.85
[10236:5892:0704/155618.484:INFO:third_party\webrtc\modules\remote_bitrate_estimator\remote_bitrate_estimator_single_stream.cc:59] RemoteBitrateEstimatorSingleStream: Instantiating.
[10236:40232:0704/155618.485:INFO:third_party\webrtc\media\base\codec.cc:395] Explicitly added H264 constrained baseline to list of supported formats.
[10236:5892:0704/155618.488:INFO:third_party\webrtc\rtc_base\openssl_key_pair.cc:40] Making key pair
[10236:5892:0704/155618.489:INFO:third_party\webrtc\rtc_base\openssl_key_pair.cc:93] Returning key pair
[10236:5892:0704/155618.489:INFO:third_party\webrtc\rtc_base\boringssl_certificate.cc:193] Making certificate for WebRTC
[10236:5892:0704/155618.489:INFO:third_party\webrtc\rtc_base\boringssl_certificate.cc:249] Returning certificate
[10236:5892:0704/155618.490:INFO:third_party\webrtc\p2p\base\p2p_transport_channel.cc:546] Set backup connection ping interval to 25000 milliseconds.
[10236:5892:0704/155618.490:INFO:third_party\webrtc\p2p\base\p2p_transport_channel.cc:555] Set ICE receiving timeout to 2500 milliseconds
[10236:5892:0704/155618.491:INFO:third_party\webrtc\p2p\base\p2p_transport_channel.cc:562] Set ping most likely connection to 0
[10236:5892:0704/155618.491:INFO:third_party\webrtc\p2p\base\p2p_transport_channel.cc:569] Set stable_writable_connection_ping_interval to 2500
[10236:5892:0704/155618.491:INFO:third_party\webrtc\p2p\base\p2p_transport_channel.cc:582] Set presume writable when fully relayed to 0
[10236:5892:0704/155618.491:INFO:third_party\webrtc\p2p\base\p2p_transport_channel.cc:600] Set regather_on_failed_networks_interval to 300000
[10236:5892:0704/155618.491:INFO:third_party\webrtc\p2p\base\p2p_transport_channel.cc:607] Set receiving_switching_delay to 1000
[10236:5892:0704/155618.491:INFO:third_party\webrtc\pc\jsep_transport_controller.cc:1184] Creating DtlsSrtpTransport.
[10236:5892:0704/155618.491:INFO:third_party\webrtc\pc\dtls_srtp_transport.cc:72] Setting RTP Transport on data transport 0x3a6c0778d000
[10236:5892:0704/155618.491:WARNING:third_party\webrtc\p2p\base\transport_description.cc:39] '-', '=', '#' and '-' are not valid ice-char and thus not permitted in ufrag or pwd. This is a protocol violation that is permitted to allow upgrading but will be rejected in the future. See https://crbug.com/1053756
[10236:5892:0704/155618.491:INFO:third_party\webrtc\p2p\base\p2p_transport_channel.cc:491] Received remote ICE parameters: ufrag=0068T2gAUCQxLtCMne8AxJXw3rMuSHNCO6J0PGYFGMQl8QHhyzgpec8k6OKxVrQ4HzwKvNM=, renomination disabled
[10236:40232:0704/155618.495:INFO:third_party\webrtc\pc\peer_connection.cc:2085] Creating data channel, mid=data
[10236:40232:0704/155618.495:INFO:third_party\webrtc\pc\sdp_offer_answer.cc:3092] Session: 3755523234986028337 Old state: stable New state: have-remote-offer
[42176:2240:0704/155618.761:INFO:CONSOLE:1] "Error", source: https://g.alicdn.com/AWSC/et/1.83.8/et_f.js (1)
[10236:5892:0704/155618.766:WARNING:third_party\webrtc\pc\peer_connection.cc:2686] data is not ready to use the remote candidate because the local or remote description is not set.
[10236:5892:0704/155618.770:INFO:third_party\webrtc\pc\dtls_srtp_transport.cc:72] Setting RTP Transport on data transport 0x3a6c0778d000
[10236:5892:0704/155618.770:INFO:third_party\webrtc\p2p\base\p2p_transport_channel.cc:480] Set ICE ufrag: uWx9 pwd: lZA+Qn7NrdKbDdxuB3U9RnSl on transport data
[10236:5892:0704/155618.770:WARNING:third_party\webrtc\rtc_base\openssl_stream_adapter.cc:148] WebRTC-ForceDtls13: 
[10236:5892:0704/155618.770:INFO:third_party\webrtc\p2p\dtls\dtls_transport.cc:497] DtlsTransport[data|1|__]: DTLS setup complete, dtls_in_stun: 0
[10236:40232:0704/155618.770:INFO:third_party\webrtc\pc\peer_connection.cc:2085] Creating data channel, mid=data
[10236:40232:0704/155618.770:INFO:third_party\webrtc\pc\sdp_offer_answer.cc:3092] Session: 3755523234986028337 Old state: have-remote-offer New state: stable
[10236:5892:0704/155618.770:INFO:third_party\webrtc\p2p\base\p2p_transport_channel.cc:1189] Asynchronously resolving ICE candidate hostname ph5.ynuf.aliapp.org
[10236:5892:0704/155618.772:INFO:third_party\webrtc\p2p\client\basic_port_allocator.cc:367] Start getting ports with turn_port_prune_policy 0
[10236:40232:0704/155618.772:INFO:third_party\webrtc\pc\peer_connection.cc:1867] Changing IceConnectionState 0 => 1
[10236:40232:0704/155618.791:INFO:third_party\webrtc\pc\sdp_offer_answer.cc:3092] Session: 3755523234986028337 Old state: stable New state: closed
[10236:5892:0704/155618.792:INFO:third_party\webrtc\pc\peer_connection.cc:2542] Tearing down data channel transport for mid=data
[42176:2240:0704/155620.252:INFO:CONSOLE:1] "%c [APLUS] -- APLUS INIT SUCCESS background:#3B82FE; padding: 4px; padding-right: 8px; border-radius: 4px; color: #fff;", source: https://g.alicdn.com/tbpc/pc-detail-2024/0.0.74/js/main.js (1)
[42176:2240:0704/155620.256:INFO:CONSOLE:1] "[@ali/lib-mtop] 当前页面不存在 lib.windvane 变量，已自动降级为 H5 请求", source: https://g.alicdn.com/tbpc/pc-detail-2024/0.0.74/js/main.js (1)
[42176:2240:0704/155620.266:INFO:CONSOLE:1] "Error", source: https://g.alicdn.com/AWSC/et/1.83.8/et_f.js (1)
[42176:2240:0704/155620.295:INFO:CONSOLE:1] "Error", source: https://g.alicdn.com/AWSC/et/1.83.8/et_f.js (1)
[10416:27628:0704/155620.301:INFO:third_party\webrtc\rtc_base\cpu_info.cc:57] Available number of cores: 16
[42176:2240:0704/155620.401:INFO:CONSOLE:1] "Error", source: https://g.alicdn.com/AWSC/fireyejs/1.231.28/fireyejs.js (1)
[42176:2240:0704/155620.457:INFO:CONSOLE:1] "Error", source: https://g.alicdn.com/AWSC/et/1.83.8/et_f.js (1)
[42176:2240:0704/155620.479:INFO:CONSOLE:1] "Error", source: https://g.alicdn.com/AWSC/et/1.83.8/et_f.js (1)
[42176:2240:0704/155620.496:INFO:CONSOLE:1] "Error", source: https://g.alicdn.com/AWSC/et/1.83.8/et_f.js (1)
[42176:2240:0704/155620.580:INFO:CONSOLE:1] "Error", source: https://g.alicdn.com/AWSC/fireyejs/1.231.28/fireyejs.js (1)
[42176:2240:0704/155620.647:INFO:CONSOLE:1] "Error", source: https://g.alicdn.com/AWSC/et/1.83.8/et_f.js (1)
[42176:2240:0704/155620.677:INFO:CONSOLE:1] "Error", source: https://g.alicdn.com/AWSC/et/1.83.8/et_f.js (1)
[42176:2240:0704/155620.983:INFO:CONSOLE:1] "Error", source: https://g.alicdn.com/AWSC/et/1.83.8/et_f.js (1)
[42176:2240:0704/155621.239:INFO:CONSOLE:1] "Error", source: https://g.alicdn.com/AWSC/et/1.83.8/et_f.js (1)
[42176:2240:0704/155621.250:INFO:CONSOLE:1] "Error", source: https://g.alicdn.com/AWSC/et/1.83.8/et_f.js (1)
[42176:2240:0704/155621.257:INFO:CONSOLE:1] "Error", source: https://g.alicdn.com/AWSC/et/1.83.8/et_f.js (1)
[42176:2240:0704/155621.264:INFO:CONSOLE:1] "Error", source: https://g.alicdn.com/AWSC/et/1.83.8/et_f.js (1)
[42176:2240:0704/155621.325:INFO:CONSOLE:1] "Error", source: https://g.alicdn.com/AWSC/et/1.83.8/et_f.js (1)
[42176:2240:0704/155621.331:INFO:CONSOLE:1] "Error", source: https://g.alicdn.com/AWSC/et/1.83.8/et_f.js (1)
[42176:2240:0704/155621.338:INFO:CONSOLE:1] "Error", source: https://g.alicdn.com/AWSC/et/1.83.8/et_f.js (1)
[42176:2240:0704/155621.538:INFO:CONSOLE:1] "Error", source: https://g.alicdn.com/AWSC/et/1.83.8/et_f.js (1)
[42176:2240:0704/155621.655:INFO:CONSOLE:1] "Error", source: https://g.alicdn.com/AWSC/et/1.83.8/et_f.js (1)
[42176:2240:0704/155621.724:INFO:CONSOLE:1] "Error", source: https://g.alicdn.com/AWSC/et/1.83.8/et_f.js (1)
[42176:2240:0704/155621.733:INFO:CONSOLE:1] "[APLUS] -- APLUS INIT SUCCESS", source: https://g.alicdn.com/tbpc/pc-detail-2024/0.0.74/js/@ali/desc-v8-render.js (1)
[42176:2240:0704/155621.769:INFO:CONSOLE:1] "Error", source: https://g.alicdn.com/AWSC/et/1.83.8/et_f.js (1)
[42176:2240:0704/155621.840:INFO:CONSOLE:1] "Error", source: https://g.alicdn.com/AWSC/et/1.83.8/et_f.js (1)
[42176:2240:0704/155621.845:INFO:CONSOLE:1] "Error", source: https://g.alicdn.com/AWSC/et/1.83.8/et_f.js (1)
[42176:2240:0704/155621.853:INFO:CONSOLE:1] "Error", source: https://g.alicdn.com/AWSC/et/1.83.8/et_f.js (1)
[42176:2240:0704/155621.900:INFO:CONSOLE:1] "Error", source: https://g.alicdn.com/AWSC/et/1.83.8/et_f.js (1)
[42176:2240:0704/155622.730:INFO:CONSOLE:1] "Error", source: https://g.alicdn.com/AWSC/et/1.83.8/et_f.js (1)
[42176:2240:0704/155623.226:INFO:CONSOLE:1] "Error", source: https://g.alicdn.com/AWSC/et/1.83.8/et_f.js (1)
[42176:2240:0704/155623.235:INFO:CONSOLE:1] "Error", source: https://g.alicdn.com/AWSC/et/1.83.8/et_f.js (1)
[42176:2240:0704/155623.256:INFO:CONSOLE:1] "Error", source: https://g.alicdn.com/AWSC/et/1.83.8/et_f.js (1)
[42176:2240:0704/155624.355:WARNING:chrome\browser\edge_underside\underside_helper.cc:1301] If test does not need FrontLoad, this may be expected. SetFrontLoadDecision: 11
[42176:2240:0704/155624.355:WARNING:chrome\browser\ui\edge_window_tab_manager\api\wtm_image_web_contents_helper.cc:872] Favicon request has been preempted. Skipping.  old request_start_time=2025-07-04 07:56:04.623003 UTC, pending_favicon_request_start_time_=2025-07-04 07:56:23.011191 UTC
[42176:2240:0704/155624.356:WARNING:chrome\browser\ui\edge_window_tab_manager\api\wtm_image_web_contents_helper.cc:872] Favicon request has been preempted. Skipping.  old request_start_time=2025-07-04 07:56:05.267287 UTC, pending_favicon_request_start_time_=2025-07-04 07:56:23.011191 UTC
[42176:2240:0704/155624.356:WARNING:chrome\browser\ui\edge_window_tab_manager\api\wtm_image_web_contents_helper.cc:872] Favicon request has been preempted. Skipping.  old request_start_time=2025-07-04 07:56:13.864363 UTC, pending_favicon_request_start_time_=2025-07-04 07:56:23.011191 UTC
[42176:2240:0704/155624.356:WARNING:chrome\browser\ui\edge_window_tab_manager\api\wtm_image_web_contents_helper.cc:872] Favicon request has been preempted. Skipping.  old request_start_time=2025-07-04 07:56:17.360179 UTC, pending_favicon_request_start_time_=2025-07-04 07:56:23.011191 UTC
[1728:31016:0704/155624.830:INFO:components\services\edge_entity_extraction\extractor_impl.cc:990] ExtractorImpl::SetIsPendingEEConfig : 1
[42176:2240:0704/155625.139:INFO:CONSOLE:1] "Error", source: https://g.alicdn.com/AWSC/et/1.83.8/et_f.js (1)
[42176:2240:0704/155625.167:INFO:CONSOLE:1] "Error", source: https://g.alicdn.com/AWSC/et/1.83.8/et_f.js (1)
[42176:2240:0704/155625.538:INFO:CONSOLE:1] "auto_open_controller_script from Edge", source:  (1)
[42176:2240:0704/155627.344:INFO:CONSOLE:1] "Error", source: https://g.alicdn.com/AWSC/et/1.83.8/et_f.js (1)
[42176:2240:0704/155627.374:INFO:CONSOLE:1] "Error", source: https://g.alicdn.com/AWSC/et/1.83.8/et_f.js (1)
[42176:2240:0704/155632.265:INFO:CONSOLE:1] "Error", source: https://g.alicdn.com/AWSC/et/1.83.8/et_f.js (1)
[42176:2240:0704/155632.293:INFO:CONSOLE:1] "Error", source: https://g.alicdn.com/AWSC/et/1.83.8/et_f.js (1)
[42176:2240:0704/155638.044:INFO:CONSOLE:1] "Error", source: https://g.alicdn.com/AWSC/et/1.83.8/et_f.js (1)
[42176:2240:0704/155638.073:INFO:CONSOLE:1] "Error", source: https://g.alicdn.com/AWSC/et/1.83.8/et_f.js (1)
[42176:2240:0704/155643.583:INFO:CONSOLE:1] "Error", source: https://g.alicdn.com/AWSC/et/1.83.8/et_f.js (1)
[42176:2240:0704/155643.617:INFO:CONSOLE:1] "Error", source: https://g.alicdn.com/AWSC/et/1.83.8/et_f.js (1)
[42176:2240:0704/155650.308:INFO:CONSOLE:1] "Error", source: https://g.alicdn.com/AWSC/et/1.83.8/et_f.js (1)
[42176:2240:0704/155650.339:INFO:CONSOLE:1] "Error", source: https://g.alicdn.com/AWSC/et/1.83.8/et_f.js (1)
[42176:2240:0704/155656.499:INFO:CONSOLE:1] "Error", source: https://g.alicdn.com/AWSC/et/1.83.8/et_f.js (1)
[42176:2240:0704/155656.527:INFO:CONSOLE:1] "Error", source: https://g.alicdn.com/AWSC/et/1.83.8/et_f.js (1)
[42176:2240:0704/155703.019:INFO:CONSOLE:1] "Error", source: https://g.alicdn.com/AWSC/et/1.83.8/et_f.js (1)
[42176:2240:0704/155703.054:INFO:CONSOLE:1] "Error", source: https://g.alicdn.com/AWSC/et/1.83.8/et_f.js (1)
[42176:2240:0704/155711.153:INFO:CONSOLE:1] "Error", source: https://g.alicdn.com/AWSC/et/1.83.8/et_f.js (1)
[42176:2240:0704/155711.184:INFO:CONSOLE:1] "Error", source: https://g.alicdn.com/AWSC/et/1.83.8/et_f.js (1)
[42176:2240:0704/155718.014:INFO:CONSOLE:1] "Error", source: https://g.alicdn.com/AWSC/et/1.83.8/et_f.js (1)
[42176:2240:0704/155718.044:INFO:CONSOLE:1] "Error", source: https://g.alicdn.com/AWSC/et/1.83.8/et_f.js (1)
[42176:2240:0704/155718.251:INFO:CONSOLE:1] "将根据已有的meta标签来设置缩放比例", source: https://g.alicdn.com/mtb/lib-flexible/0.3.2/flexible.js (1)
[42176:2240:0704/155718.452:INFO:CONSOLE:1] "Error", source: https://g.alicdn.com/AWSC/et/1.83.8/et_f.js (1)
[10236:40232:0704/155718.509:INFO:third_party\webrtc\pc\usage_pattern.cc:33] Interesting usage signature 148832 observed after observer shutdown
[42176:2240:0704/155718.599:INFO:CONSOLE:1] "Error", source: https://g.alicdn.com/AWSC/et/1.83.8/et_f.js (1)
[42176:2240:0704/155718.645:INFO:CONSOLE:1] "Error", source: https://g.alicdn.com/AWSC/et/1.83.8/et_f.js (1)
[42176:2240:0704/155718.716:INFO:CONSOLE:1] "Error", source: https://g.alicdn.com/AWSC/et/1.83.8/et_f.js (1)
[42176:2240:0704/155718.724:INFO:CONSOLE:1] "Error", source: https://g.alicdn.com/AWSC/et/1.83.8/et_f.js (1)
[42176:2240:0704/155718.734:INFO:CONSOLE:1] "Error", source: https://g.alicdn.com/AWSC/et/1.83.8/et_f.js (1)
[42176:2240:0704/155718.779:INFO:CONSOLE:1] "Error", source: https://g.alicdn.com/AWSC/et/1.83.8/et_f.js (1)
[42176:2240:0704/155718.935:INFO:CONSOLE:1] "Permissions policy violation: accelerometer is not allowed in this document.", source: https://g.alicdn.com/AWSC/fireyejs/1.231.23/fireyejs.js (1)
[42176:2240:0704/155718.936:INFO:CONSOLE:1] "The deviceorientation events are blocked by permissions policy. See https://go.microsoft.com/fwlink/?linkid=2047894", source: https://g.alicdn.com/AWSC/fireyejs/1.231.23/fireyejs.js (1)
[42176:2240:0704/155718.967:INFO:CONSOLE:1] "Error", source: https://g.alicdn.com/AWSC/et/1.83.8/et_f.js (1)
[42176:2240:0704/155718.979:INFO:CONSOLE:1] "-ms-high-contrast is in the process of being deprecated. Please see https://blogs.windows.com/msedgedev/2024/04/29/deprecating-ms-high-contrast/ for tips on updating to the new Forced Colors Mode standard.", source: https://g.alicdn.com/AWSC/nc/1.97.0/nc.js (1)
[42176:2240:0704/155718.980:INFO:CONSOLE:1] "-ms-high-contrast is in the process of being deprecated. Please see https://blogs.windows.com/msedgedev/2024/04/29/deprecating-ms-high-contrast/ for tips on updating to the new Forced Colors Mode standard.", source: https://g.alicdn.com/AWSC/nc/1.97.0/nc.js (1)
[42176:2240:0704/155719.003:INFO:CONSOLE:1] "Error", source: https://g.alicdn.com/AWSC/et/1.83.8/et_f.js (1)
[33276:39256:0704/155804.919:VERBOSE1:components\viz\service\main\viz_main_impl.cc:86] VizNullHypothesis is disabled (not a warning)
[42176:2240:0704/155820.941:WARNING:components\prefs\pref_notifier_impl.cc:41] Pref observer for video_enhancement.mode found at shutdown.
[42176:2240:0704/155821.088:WARNING:components\prefs\pref_notifier_impl.cc:41] Pref observer for edge_screenshot.shortcut.main found at shutdown.
[42176:2240:0704/155821.088:WARNING:components\prefs\pref_notifier_impl.cc:41] Pref observer for browser.touch_mode found at shutdown.
