[26812:36696:0704/155607.654:WARNING:chrome\browser\extensions\activity_log\activity_log_policy.cc:68] Scheduling init
[26812:36696:0704/155607.654:WARNING:chrome\browser\extensions\activity_log\activity_log_policy.cc:68] Scheduling init
[26812:36696:0704/155608.054:WARNING:components\signin\internal\identity_manager\account_fetcher_service.cc:233] Edge does not support fetching account capabilities
[26812:36696:0704/155608.054:WARNING:components\signin\internal\identity_manager\account_fetcher_service.cc:195] Should not execute: Tests depending on this function may fail
[26812:34080:0704/155608.077:ERROR:chrome\browser\importer\edge_china_browsers\edge_qqbrowser_importer_utils_win.cc:163] QQBrowser user data path not found.
[11504:40384:0704/155608.498:VERBOSE1:components\viz\service\main\viz_main_impl.cc:86] VizNullHypothesis is disabled (not a warning)
[42940:17448:0704/155608.505:INFO:third_party\webrtc\rtc_base\cpu_info.cc:57] Available number of cores: 16
[26812:36696:0704/155608.563:INFO:CONSOLE:0] "The source list for the Content Security Policy directive 'connect-src' contains an invalid source: '*-ib.msn.com'. It will be ignored.", source: https://ntp.msn.cn/edge/ntp?locale=zh-CN&title=%E6%96%B0%E5%BB%BA%E6%A0%87%E7%AD%BE%E9%A1%B5&fre=1&dsp=1&sp=%E5%BF%85%E5%BA%94&feed_dis=peek&en_widget_reg=false&startpage=1&PC=NMTS (0)
[2688:33780:0704/155608.594:INFO:third_party\webrtc\rtc_base\cpu_info.cc:57] Available number of cores: 16
[26812:36696:0704/155608.646:INFO:CONSOLE:1] "The source list for the Content Security Policy directive 'connect-src' contains an invalid source: '*-ib.msn.com'. It will be ignored.", source: https://assets.msn.cn/staticsb/statics/latest/oneTrustCN/1.1/scripttemplates/otSDKStub.js (1)
[26812:36696:0704/155608.646:INFO:CONSOLE:1] "The source list for the Content Security Policy directive 'connect-src' contains an invalid source: '*-ib.msn.com'. It will be ignored.", source: https://assets.msn.cn/staticsb/statics/latest/oneTrustCN/1.1/scripttemplates/otSDKStub.js (1)
[26812:36696:0704/155608.669:INFO:CONSOLE:0] "The source list for the Content Security Policy directive 'connect-src' contains an invalid source: '*-ib.msn.com'. It will be ignored.", source: https://ntp.msn.cn/edge/ntp?locale=zh-CN&title=%E6%96%B0%E5%BB%BA%E6%A0%87%E7%AD%BE%E9%A1%B5&fre=1&dsp=1&sp=%E5%BF%85%E5%BA%94&feed_dis=peek&en_widget_reg=false&startpage=1&PC=NMTS (0)
[7356:42048:0704/155608.777:ERROR:net\socket\ssl_client_socket_impl.cc:910] handshake failed; returned -1, SSL error code 1, net_error -101
[7356:42048:0704/155608.925:ERROR:net\socket\ssl_client_socket_impl.cc:910] handshake failed; returned -1, SSL error code 1, net_error -101
[7356:42048:0704/155608.927:ERROR:net\socket\ssl_client_socket_impl.cc:910] handshake failed; returned -1, SSL error code 1, net_error -101
[7356:42048:0704/155609.062:ERROR:net\socket\ssl_client_socket_impl.cc:910] handshake failed; returned -1, SSL error code 1, net_error -101
[26812:36696:0704/155609.576:INFO:CONSOLE:7] "The source list for the Content Security Policy directive 'connect-src' contains an invalid source: '*-ib.msn.com'. It will be ignored.", source: https://assets.msn.cn/staticsb/statics/latest/oneTrustCN/1.1/scripttemplates/202501.2.0/otBannerSdk.js (7)
[26812:36696:0704/155609.578:INFO:CONSOLE:7] "The source list for the Content Security Policy directive 'connect-src' contains an invalid source: '*-ib.msn.com'. It will be ignored.", source: https://assets.msn.cn/staticsb/statics/latest/oneTrustCN/1.1/scripttemplates/202501.2.0/otBannerSdk.js (7)
[26812:36696:0704/155609.586:INFO:CONSOLE:7] "The source list for the Content Security Policy directive 'connect-src' contains an invalid source: '*-ib.msn.com'. It will be ignored.", source: https://assets.msn.cn/staticsb/statics/latest/oneTrustCN/1.1/scripttemplates/202501.2.0/otBannerSdk.js (7)
[26812:36696:0704/155609.586:INFO:CONSOLE:7] "The source list for the Content Security Policy directive 'connect-src' contains an invalid source: '*-ib.msn.com'. It will be ignored.", source: https://assets.msn.cn/staticsb/statics/latest/oneTrustCN/1.1/scripttemplates/202501.2.0/otBannerSdk.js (7)
[3168:38008:0704/155610.046:INFO:third_party\webrtc\rtc_base\cpu_info.cc:57] Available number of cores: 16
[2688:39652:0704/155611.103:INFO:third_party\blink\renderer\modules\peerconnection\peer_connection_dependency_factory.cc:802] Running WebRTC with a combined Network and Worker thread.
[2688:39652:0704/155611.103:INFO:third_party\webrtc\media\engine\webrtc_voice_engine.cc:478] WebRtcVoiceEngine::WebRtcVoiceEngine
[2688:40760:0704/155611.104:INFO:third_party\webrtc\media\engine\webrtc_voice_engine.cc:500] WebRtcVoiceEngine::Init
[2688:40760:0704/155611.104:INFO:third_party\webrtc\media\engine\webrtc_voice_engine.cc:603] WebRtcVoiceEngine::ApplyOptions: AudioOptions {aec: 1, agc: 1, ns: 1, hf: 1, swap: 0, audio_jitter_buffer_max_packets: 200, audio_jitter_buffer_fast_accelerate: 0, audio_jitter_buffer_min_delay_ms: 0, }
[2688:39652:0704/155612.720:INFO:third_party\webrtc\media\base\codec.cc:395] Explicitly added H264 constrained baseline to list of supported formats.
[2688:40760:0704/155612.721:INFO:third_party\webrtc\pc\peer_connection_factory.cc:412] Using default network controller factory
[2688:40760:0704/155612.721:INFO:third_party\webrtc\modules\pacing\bitrate_prober.cc:54] Bandwidth probing enabled, set to inactive
[2688:40760:0704/155612.722:INFO:third_party\webrtc\modules\remote_bitrate_estimator\transport_sequence_number_feedback_generator.cc:52] Maximum interval between transport feedback RTCP messages: 250 ms
[2688:40760:0704/155612.722:INFO:third_party\webrtc\modules\remote_bitrate_estimator\aimd_rate_control.cc:88] Using aimd rate control with back off factor 0.85
[2688:40760:0704/155612.722:INFO:third_party\webrtc\modules\remote_bitrate_estimator\remote_bitrate_estimator_single_stream.cc:59] RemoteBitrateEstimatorSingleStream: Instantiating.
[2688:39652:0704/155612.723:INFO:third_party\webrtc\media\base\codec.cc:395] Explicitly added H264 constrained baseline to list of supported formats.
[2688:40760:0704/155612.724:INFO:third_party\webrtc\rtc_base\openssl_key_pair.cc:40] Making key pair
[2688:40760:0704/155612.724:INFO:third_party\webrtc\rtc_base\openssl_key_pair.cc:93] Returning key pair
[2688:40760:0704/155612.724:INFO:third_party\webrtc\rtc_base\boringssl_certificate.cc:193] Making certificate for WebRTC
[2688:40760:0704/155612.724:INFO:third_party\webrtc\rtc_base\boringssl_certificate.cc:249] Returning certificate
[2688:40760:0704/155612.733:INFO:third_party\webrtc\p2p\base\p2p_transport_channel.cc:546] Set backup connection ping interval to 25000 milliseconds.
[2688:40760:0704/155612.733:INFO:third_party\webrtc\p2p\base\p2p_transport_channel.cc:555] Set ICE receiving timeout to 2500 milliseconds
[2688:40760:0704/155612.733:INFO:third_party\webrtc\p2p\base\p2p_transport_channel.cc:562] Set ping most likely connection to 0
[2688:40760:0704/155612.733:INFO:third_party\webrtc\p2p\base\p2p_transport_channel.cc:569] Set stable_writable_connection_ping_interval to 2500
[2688:40760:0704/155612.733:INFO:third_party\webrtc\p2p\base\p2p_transport_channel.cc:582] Set presume writable when fully relayed to 0
[2688:40760:0704/155612.733:INFO:third_party\webrtc\p2p\base\p2p_transport_channel.cc:600] Set regather_on_failed_networks_interval to 300000
[2688:40760:0704/155612.733:INFO:third_party\webrtc\p2p\base\p2p_transport_channel.cc:607] Set receiving_switching_delay to 1000
[2688:40760:0704/155612.734:INFO:third_party\webrtc\pc\jsep_transport_controller.cc:1184] Creating DtlsSrtpTransport.
[2688:40760:0704/155612.734:INFO:third_party\webrtc\pc\dtls_srtp_transport.cc:72] Setting RTP Transport on data transport 0x607c03920000
[2688:40760:0704/155612.736:WARNING:third_party\webrtc\p2p\base\transport_description.cc:39] '-', '=', '#' and '-' are not valid ice-char and thus not permitted in ufrag or pwd. This is a protocol violation that is permitted to allow upgrading but will be rejected in the future. See https://crbug.com/1053756
[2688:40760:0704/155612.736:WARNING:third_party\webrtc\p2p\base\transport_description.cc:39] '-', '=', '#' and '-' are not valid ice-char and thus not permitted in ufrag or pwd. This is a protocol violation that is permitted to allow upgrading but will be rejected in the future. See https://crbug.com/1053756
[2688:40760:0704/155612.737:WARNING:third_party\webrtc\p2p\base\transport_description.cc:39] '-', '=', '#' and '-' are not valid ice-char and thus not permitted in ufrag or pwd. This is a protocol violation that is permitted to allow upgrading but will be rejected in the future. See https://crbug.com/1053756
[2688:40760:0704/155612.737:INFO:third_party\webrtc\p2p\base\p2p_transport_channel.cc:491] Received remote ICE parameters: ufrag=0068T2gAFm-98253j0n8CKYwlA6jN0yoJBHVwIbowj12467Xk9EUy168SAbo9P3Zb7Z7_Ys=, renomination disabled
[2688:39652:0704/155612.737:INFO:third_party\webrtc\pc\peer_connection.cc:2085] Creating data channel, mid=data
[2688:39652:0704/155612.737:INFO:third_party\webrtc\pc\sdp_offer_answer.cc:3092] Session: 8532406310720057273 Old state: stable New state: have-remote-offer
[2688:40760:0704/155612.923:WARNING:third_party\webrtc\pc\peer_connection.cc:2686] data is not ready to use the remote candidate because the local or remote description is not set.
[2688:40760:0704/155613.036:INFO:third_party\webrtc\pc\dtls_srtp_transport.cc:72] Setting RTP Transport on data transport 0x607c03920000
[2688:40760:0704/155613.036:INFO:third_party\webrtc\p2p\base\p2p_transport_channel.cc:480] Set ICE ufrag: T8Zm pwd: xsdW0pTyyobu1sS6P1EdRSnF on transport data
[2688:40760:0704/155613.036:WARNING:third_party\webrtc\rtc_base\openssl_stream_adapter.cc:148] WebRTC-ForceDtls13: 
[2688:40760:0704/155613.036:INFO:third_party\webrtc\p2p\dtls\dtls_transport.cc:497] DtlsTransport[data|1|__]: DTLS setup complete, dtls_in_stun: 0
[2688:39652:0704/155613.036:INFO:third_party\webrtc\pc\peer_connection.cc:2085] Creating data channel, mid=data
[2688:39652:0704/155613.036:INFO:third_party\webrtc\pc\sdp_offer_answer.cc:3092] Session: 8532406310720057273 Old state: have-remote-offer New state: stable
[2688:40760:0704/155613.036:INFO:third_party\webrtc\p2p\base\p2p_transport_channel.cc:1189] Asynchronously resolving ICE candidate hostname ph5.ynuf.aliapp.org
[2688:40760:0704/155613.037:INFO:third_party\webrtc\p2p\client\basic_port_allocator.cc:367] Start getting ports with turn_port_prune_policy 0
[2688:39652:0704/155613.037:INFO:third_party\webrtc\pc\peer_connection.cc:1867] Changing IceConnectionState 0 => 1
[2688:39652:0704/155613.153:INFO:third_party\webrtc\pc\sdp_offer_answer.cc:3092] Session: 8532406310720057273 Old state: stable New state: closed
[2688:40760:0704/155613.153:INFO:third_party\webrtc\pc\peer_connection.cc:2542] Tearing down data channel transport for mid=data
[26812:36696:0704/155613.318:INFO:CONSOLE:0] "-ms-high-contrast is in the process of being deprecated. Please see https://blogs.windows.com/msedgedev/2024/04/29/deprecating-ms-high-contrast/ for tips on updating to the new Forced Colors Mode standard.", source: https://www.taobao.com/ (0)
[26812:36696:0704/155613.318:INFO:CONSOLE:0] "-ms-high-contrast is in the process of being deprecated. Please see https://blogs.windows.com/msedgedev/2024/04/29/deprecating-ms-high-contrast/ for tips on updating to the new Forced Colors Mode standard.", source: https://www.taobao.com/ (0)
[26812:36696:0704/155614.436:INFO:CONSOLE:0] "Images loaded lazily and replaced with placeholders. Load events are deferred. See https://go.microsoft.com/fwlink/?linkid=2048113", source: https://www.taobao.com/ (0)
[7356:42048:0704/155616.785:WARNING:net\spdy\spdy_session.cc:3030] Received WINDOW_UPDATE for invalid stream 9
[7356:42048:0704/155616.786:WARNING:net\spdy\spdy_session.cc:3075] Received HEADERS for invalid stream 9
[2688:39652:0704/155617.473:INFO:third_party\blink\renderer\modules\peerconnection\peer_connection_dependency_factory.cc:802] Running WebRTC with a combined Network and Worker thread.
[2688:39652:0704/155617.473:INFO:third_party\webrtc\media\engine\webrtc_voice_engine.cc:478] WebRtcVoiceEngine::WebRtcVoiceEngine
[2688:40760:0704/155617.473:INFO:third_party\webrtc\media\engine\webrtc_voice_engine.cc:500] WebRtcVoiceEngine::Init
[2688:40760:0704/155617.473:INFO:third_party\webrtc\media\engine\webrtc_voice_engine.cc:603] WebRtcVoiceEngine::ApplyOptions: AudioOptions {aec: 1, agc: 1, ns: 1, hf: 1, swap: 0, audio_jitter_buffer_max_packets: 200, audio_jitter_buffer_fast_accelerate: 0, audio_jitter_buffer_min_delay_ms: 0, }
[2688:39652:0704/155617.474:INFO:third_party\webrtc\media\base\codec.cc:395] Explicitly added H264 constrained baseline to list of supported formats.
[2688:40760:0704/155617.476:INFO:third_party\webrtc\pc\peer_connection_factory.cc:412] Using default network controller factory
[2688:40760:0704/155617.476:INFO:third_party\webrtc\modules\pacing\bitrate_prober.cc:54] Bandwidth probing enabled, set to inactive
[2688:40760:0704/155617.476:INFO:third_party\webrtc\modules\remote_bitrate_estimator\transport_sequence_number_feedback_generator.cc:52] Maximum interval between transport feedback RTCP messages: 250 ms
[2688:40760:0704/155617.477:INFO:third_party\webrtc\modules\remote_bitrate_estimator\aimd_rate_control.cc:88] Using aimd rate control with back off factor 0.85
[2688:40760:0704/155617.477:INFO:third_party\webrtc\modules\remote_bitrate_estimator\remote_bitrate_estimator_single_stream.cc:59] RemoteBitrateEstimatorSingleStream: Instantiating.
[2688:39652:0704/155617.477:INFO:third_party\webrtc\media\base\codec.cc:395] Explicitly added H264 constrained baseline to list of supported formats.
[2688:40760:0704/155617.478:INFO:third_party\webrtc\rtc_base\openssl_key_pair.cc:40] Making key pair
[2688:40760:0704/155617.478:INFO:third_party\webrtc\rtc_base\openssl_key_pair.cc:93] Returning key pair
[2688:40760:0704/155617.478:INFO:third_party\webrtc\rtc_base\boringssl_certificate.cc:193] Making certificate for WebRTC
[2688:40760:0704/155617.479:INFO:third_party\webrtc\rtc_base\boringssl_certificate.cc:249] Returning certificate
[2688:40760:0704/155617.480:INFO:third_party\webrtc\p2p\base\p2p_transport_channel.cc:546] Set backup connection ping interval to 25000 milliseconds.
[2688:40760:0704/155617.480:INFO:third_party\webrtc\p2p\base\p2p_transport_channel.cc:555] Set ICE receiving timeout to 2500 milliseconds
[2688:40760:0704/155617.480:INFO:third_party\webrtc\p2p\base\p2p_transport_channel.cc:562] Set ping most likely connection to 0
[2688:40760:0704/155617.480:INFO:third_party\webrtc\p2p\base\p2p_transport_channel.cc:569] Set stable_writable_connection_ping_interval to 2500
[2688:40760:0704/155617.480:INFO:third_party\webrtc\p2p\base\p2p_transport_channel.cc:582] Set presume writable when fully relayed to 0
[2688:40760:0704/155617.480:INFO:third_party\webrtc\p2p\base\p2p_transport_channel.cc:600] Set regather_on_failed_networks_interval to 300000
[2688:40760:0704/155617.480:INFO:third_party\webrtc\p2p\base\p2p_transport_channel.cc:607] Set receiving_switching_delay to 1000
[2688:40760:0704/155617.480:INFO:third_party\webrtc\pc\jsep_transport_controller.cc:1184] Creating DtlsSrtpTransport.
[2688:40760:0704/155617.480:INFO:third_party\webrtc\pc\dtls_srtp_transport.cc:72] Setting RTP Transport on data transport 0x607c03920000
[2688:40760:0704/155617.480:WARNING:third_party\webrtc\p2p\base\transport_description.cc:39] '-', '=', '#' and '-' are not valid ice-char and thus not permitted in ufrag or pwd. This is a protocol violation that is permitted to allow upgrading but will be rejected in the future. See https://crbug.com/1053756
[2688:40760:0704/155617.480:WARNING:third_party\webrtc\p2p\base\transport_description.cc:39] '-', '=', '#' and '-' are not valid ice-char and thus not permitted in ufrag or pwd. This is a protocol violation that is permitted to allow upgrading but will be rejected in the future. See https://crbug.com/1053756
[2688:40760:0704/155617.480:WARNING:third_party\webrtc\p2p\base\transport_description.cc:39] '-', '=', '#' and '-' are not valid ice-char and thus not permitted in ufrag or pwd. This is a protocol violation that is permitted to allow upgrading but will be rejected in the future. See https://crbug.com/1053756
[2688:40760:0704/155617.480:INFO:third_party\webrtc\p2p\base\p2p_transport_channel.cc:491] Received remote ICE parameters: ufrag=0068T2gAFm-98253j0n8CKYwlA6jN0yoJBHVwIbowj12467Xk9EUy168SAbo9P3Zb7Z7_Ys=, renomination disabled
[2688:39652:0704/155617.480:INFO:third_party\webrtc\pc\peer_connection.cc:2085] Creating data channel, mid=data
[2688:39652:0704/155617.480:INFO:third_party\webrtc\pc\sdp_offer_answer.cc:3092] Session: 7834874144715514697 Old state: stable New state: have-remote-offer
[2688:40760:0704/155617.769:WARNING:third_party\webrtc\pc\peer_connection.cc:2686] data is not ready to use the remote candidate because the local or remote description is not set.
[2688:39652:0704/155617.809:INFO:third_party\webrtc\pc\sdp_offer_answer.cc:3092] Session: 7834874144715514697 Old state: have-remote-offer New state: closed
[2688:40760:0704/155617.809:INFO:third_party\webrtc\pc\peer_connection.cc:2542] Tearing down data channel transport for mid=data
[26812:36696:0704/155619.041:INFO:CONSOLE:0] "Images loaded lazily and replaced with placeholders. Load events are deferred. See https://go.microsoft.com/fwlink/?linkid=2048113", source: https://www.taobao.com/ (0)
[31264:16916:0704/155620.397:INFO:third_party\webrtc\rtc_base\cpu_info.cc:57] Available number of cores: 16
[26812:36696:0704/155620.660:INFO:CONSOLE:1] "Error", source: https://g.alicdn.com/AWSC/et/1.83.8/et_f.js (1)
[26812:36696:0704/155621.041:INFO:CONSOLE:1] "Error", source: https://g.alicdn.com/AWSC/fireyejs/1.231.28/fireyejs.js (1)
[26812:36696:0704/155621.145:INFO:CONSOLE:1] "Error", source: https://g.alicdn.com/AWSC/et/1.83.8/et_f.js (1)
[3168:18572:0704/155621.160:INFO:third_party\blink\renderer\modules\peerconnection\peer_connection_dependency_factory.cc:802] Running WebRTC with a combined Network and Worker thread.
[3168:18572:0704/155621.160:INFO:third_party\webrtc\media\engine\webrtc_voice_engine.cc:478] WebRtcVoiceEngine::WebRtcVoiceEngine
[3168:43208:0704/155621.160:INFO:third_party\webrtc\media\engine\webrtc_voice_engine.cc:500] WebRtcVoiceEngine::Init
[3168:43208:0704/155621.160:INFO:third_party\webrtc\media\engine\webrtc_voice_engine.cc:603] WebRtcVoiceEngine::ApplyOptions: AudioOptions {aec: 1, agc: 1, ns: 1, hf: 1, swap: 0, audio_jitter_buffer_max_packets: 200, audio_jitter_buffer_fast_accelerate: 0, audio_jitter_buffer_min_delay_ms: 0, }
[3168:18572:0704/155621.167:INFO:third_party\webrtc\media\base\codec.cc:395] Explicitly added H264 constrained baseline to list of supported formats.
[3168:43208:0704/155621.169:INFO:third_party\webrtc\pc\peer_connection_factory.cc:412] Using default network controller factory
[3168:43208:0704/155621.169:INFO:third_party\webrtc\modules\pacing\bitrate_prober.cc:54] Bandwidth probing enabled, set to inactive
[3168:43208:0704/155621.169:INFO:third_party\webrtc\modules\remote_bitrate_estimator\transport_sequence_number_feedback_generator.cc:52] Maximum interval between transport feedback RTCP messages: 250 ms
[3168:43208:0704/155621.169:INFO:third_party\webrtc\modules\remote_bitrate_estimator\aimd_rate_control.cc:88] Using aimd rate control with back off factor 0.85
[3168:43208:0704/155621.169:INFO:third_party\webrtc\modules\remote_bitrate_estimator\remote_bitrate_estimator_single_stream.cc:59] RemoteBitrateEstimatorSingleStream: Instantiating.
[3168:18572:0704/155621.170:INFO:third_party\webrtc\media\base\codec.cc:395] Explicitly added H264 constrained baseline to list of supported formats.
[3168:43208:0704/155621.171:INFO:third_party\webrtc\rtc_base\openssl_key_pair.cc:40] Making key pair
[3168:43208:0704/155621.171:INFO:third_party\webrtc\rtc_base\openssl_key_pair.cc:93] Returning key pair
[3168:43208:0704/155621.171:INFO:third_party\webrtc\rtc_base\boringssl_certificate.cc:193] Making certificate for WebRTC
[3168:43208:0704/155621.171:INFO:third_party\webrtc\rtc_base\boringssl_certificate.cc:249] Returning certificate
[3168:43208:0704/155621.172:INFO:third_party\webrtc\p2p\base\p2p_transport_channel.cc:546] Set backup connection ping interval to 25000 milliseconds.
[3168:43208:0704/155621.172:INFO:third_party\webrtc\p2p\base\p2p_transport_channel.cc:555] Set ICE receiving timeout to 2500 milliseconds
[3168:43208:0704/155621.172:INFO:third_party\webrtc\p2p\base\p2p_transport_channel.cc:562] Set ping most likely connection to 0
[3168:43208:0704/155621.172:INFO:third_party\webrtc\p2p\base\p2p_transport_channel.cc:569] Set stable_writable_connection_ping_interval to 2500
[3168:43208:0704/155621.172:INFO:third_party\webrtc\p2p\base\p2p_transport_channel.cc:582] Set presume writable when fully relayed to 0
[3168:43208:0704/155621.172:INFO:third_party\webrtc\p2p\base\p2p_transport_channel.cc:600] Set regather_on_failed_networks_interval to 300000
[3168:43208:0704/155621.172:INFO:third_party\webrtc\p2p\base\p2p_transport_channel.cc:607] Set receiving_switching_delay to 1000
[3168:43208:0704/155621.172:INFO:third_party\webrtc\pc\jsep_transport_controller.cc:1184] Creating DtlsSrtpTransport.
[3168:43208:0704/155621.172:INFO:third_party\webrtc\pc\dtls_srtp_transport.cc:72] Setting RTP Transport on data transport 0x73bc06d35000
[3168:43208:0704/155621.172:WARNING:third_party\webrtc\p2p\base\transport_description.cc:39] '-', '=', '#' and '-' are not valid ice-char and thus not permitted in ufrag or pwd. This is a protocol violation that is permitted to allow upgrading but will be rejected in the future. See https://crbug.com/1053756
[3168:43208:0704/155621.172:WARNING:third_party\webrtc\p2p\base\transport_description.cc:39] '-', '=', '#' and '-' are not valid ice-char and thus not permitted in ufrag or pwd. This is a protocol violation that is permitted to allow upgrading but will be rejected in the future. See https://crbug.com/1053756
[3168:43208:0704/155621.173:INFO:third_party\webrtc\p2p\base\p2p_transport_channel.cc:491] Received remote ICE parameters: ufrag=0068T2gAdlOe6YfE4T8l5lfvcx8aqtzgmKJhhx3x1qIboG6DxROeCi9vL1Z3v1NLO-9CMLU=, renomination disabled
[3168:18572:0704/155621.173:INFO:third_party\webrtc\pc\peer_connection.cc:2085] Creating data channel, mid=data
[3168:18572:0704/155621.173:INFO:third_party\webrtc\pc\sdp_offer_answer.cc:3092] Session: 1138533110628419873 Old state: stable New state: have-remote-offer
[26812:36696:0704/155621.388:INFO:CONSOLE:1] "Error", source: https://g.alicdn.com/AWSC/et/1.83.8/et_f.js (1)
[3168:43208:0704/155621.394:WARNING:third_party\webrtc\pc\peer_connection.cc:2686] data is not ready to use the remote candidate because the local or remote description is not set.
[3168:43208:0704/155621.398:INFO:third_party\webrtc\pc\dtls_srtp_transport.cc:72] Setting RTP Transport on data transport 0x73bc06d35000
[3168:43208:0704/155621.398:INFO:third_party\webrtc\p2p\base\p2p_transport_channel.cc:480] Set ICE ufrag: vF/Q pwd: 0pkeDUohDhDcE2BrAPE0vu3R on transport data
[3168:43208:0704/155621.398:WARNING:third_party\webrtc\rtc_base\openssl_stream_adapter.cc:148] WebRTC-ForceDtls13: 
[3168:43208:0704/155621.399:INFO:third_party\webrtc\p2p\dtls\dtls_transport.cc:497] DtlsTransport[data|1|__]: DTLS setup complete, dtls_in_stun: 0
[3168:18572:0704/155621.399:INFO:third_party\webrtc\pc\peer_connection.cc:2085] Creating data channel, mid=data
[3168:18572:0704/155621.399:INFO:third_party\webrtc\pc\sdp_offer_answer.cc:3092] Session: 1138533110628419873 Old state: have-remote-offer New state: stable
[3168:43208:0704/155621.399:INFO:third_party\webrtc\p2p\base\p2p_transport_channel.cc:1189] Asynchronously resolving ICE candidate hostname ph5.ynuf.aliapp.org
[3168:43208:0704/155621.400:INFO:third_party\webrtc\p2p\client\basic_port_allocator.cc:367] Start getting ports with turn_port_prune_policy 0
[3168:18572:0704/155621.400:INFO:third_party\webrtc\pc\peer_connection.cc:1867] Changing IceConnectionState 0 => 1
[3168:18572:0704/155621.407:INFO:third_party\webrtc\pc\sdp_offer_answer.cc:3092] Session: 1138533110628419873 Old state: stable New state: closed
[3168:43208:0704/155621.407:INFO:third_party\webrtc\pc\peer_connection.cc:2542] Tearing down data channel transport for mid=data
[26812:36696:0704/155622.794:INFO:CONSOLE:1] "%c [APLUS] -- APLUS INIT SUCCESS background:#3B82FE; padding: 4px; padding-right: 8px; border-radius: 4px; color: #fff;", source: https://g.alicdn.com/tbpc/pc-detail-2024/0.0.74/js/main.js (1)
[26812:36696:0704/155622.810:INFO:CONSOLE:1] "[@ali/lib-mtop] 当前页面不存在 lib.windvane 变量，已自动降级为 H5 请求", source: https://g.alicdn.com/tbpc/pc-detail-2024/0.0.74/js/main.js (1)
[26812:36696:0704/155622.827:INFO:CONSOLE:1] "Error", source: https://g.alicdn.com/AWSC/et/1.83.8/et_f.js (1)
[26812:36696:0704/155622.873:INFO:CONSOLE:1] "Error", source: https://g.alicdn.com/AWSC/et/1.83.8/et_f.js (1)
[8272:40164:0704/155622.910:INFO:third_party\webrtc\rtc_base\cpu_info.cc:57] Available number of cores: 16
[26812:36696:0704/155622.988:INFO:CONSOLE:1] "Error", source: https://g.alicdn.com/AWSC/fireyejs/1.231.28/fireyejs.js (1)
[26812:36696:0704/155623.034:INFO:CONSOLE:1] "Error", source: https://g.alicdn.com/AWSC/et/1.83.8/et_f.js (1)
[26812:36696:0704/155623.048:INFO:CONSOLE:1] "Error", source: https://g.alicdn.com/AWSC/et/1.83.8/et_f.js (1)
[26812:36696:0704/155623.067:INFO:CONSOLE:1] "Error", source: https://g.alicdn.com/AWSC/et/1.83.8/et_f.js (1)
[26812:36696:0704/155623.106:INFO:CONSOLE:1] "Error", source: https://g.alicdn.com/AWSC/fireyejs/1.231.28/fireyejs.js (1)
[26812:36696:0704/155623.166:INFO:CONSOLE:1] "Error", source: https://g.alicdn.com/AWSC/et/1.83.8/et_f.js (1)
[26812:36696:0704/155623.192:INFO:CONSOLE:1] "Error", source: https://g.alicdn.com/AWSC/et/1.83.8/et_f.js (1)
[26812:36696:0704/155623.561:INFO:CONSOLE:1] "Error", source: https://g.alicdn.com/AWSC/et/1.83.8/et_f.js (1)
[26812:36696:0704/155623.855:INFO:CONSOLE:1] "Error", source: https://g.alicdn.com/AWSC/et/1.83.8/et_f.js (1)
[26812:36696:0704/155623.866:INFO:CONSOLE:1] "Error", source: https://g.alicdn.com/AWSC/et/1.83.8/et_f.js (1)
[26812:36696:0704/155623.875:INFO:CONSOLE:1] "Error", source: https://g.alicdn.com/AWSC/et/1.83.8/et_f.js (1)
[26812:36696:0704/155623.883:INFO:CONSOLE:1] "Error", source: https://g.alicdn.com/AWSC/et/1.83.8/et_f.js (1)
[26812:36696:0704/155623.935:INFO:CONSOLE:1] "Error", source: https://g.alicdn.com/AWSC/et/1.83.8/et_f.js (1)
[26812:36696:0704/155623.941:INFO:CONSOLE:1] "Error", source: https://g.alicdn.com/AWSC/et/1.83.8/et_f.js (1)
[26812:36696:0704/155623.949:INFO:CONSOLE:1] "Error", source: https://g.alicdn.com/AWSC/et/1.83.8/et_f.js (1)
[26812:36696:0704/155624.187:INFO:CONSOLE:1] "Error", source: https://g.alicdn.com/AWSC/et/1.83.8/et_f.js (1)
[26812:36696:0704/155624.412:INFO:CONSOLE:1] "Error", source: https://g.alicdn.com/AWSC/et/1.83.8/et_f.js (1)
[26812:36696:0704/155624.489:INFO:CONSOLE:1] "Error", source: https://g.alicdn.com/AWSC/et/1.83.8/et_f.js (1)
[26812:36696:0704/155624.498:INFO:CONSOLE:1] "[APLUS] -- APLUS INIT SUCCESS", source: https://g.alicdn.com/tbpc/pc-detail-2024/0.0.74/js/@ali/desc-v8-render.js (1)
[26812:36696:0704/155624.540:INFO:CONSOLE:1] "Error", source: https://g.alicdn.com/AWSC/et/1.83.8/et_f.js (1)
[26812:36696:0704/155624.607:INFO:CONSOLE:1] "Error", source: https://g.alicdn.com/AWSC/et/1.83.8/et_f.js (1)
[26812:36696:0704/155624.617:INFO:CONSOLE:1] "Error", source: https://g.alicdn.com/AWSC/et/1.83.8/et_f.js (1)
[26812:36696:0704/155624.624:INFO:CONSOLE:1] "Error", source: https://g.alicdn.com/AWSC/et/1.83.8/et_f.js (1)
[26812:36696:0704/155624.695:INFO:CONSOLE:1] "Error", source: https://g.alicdn.com/AWSC/et/1.83.8/et_f.js (1)
[26812:36696:0704/155625.496:INFO:CONSOLE:1] "Error", source: https://g.alicdn.com/AWSC/et/1.83.8/et_f.js (1)
[26812:36696:0704/155626.109:INFO:CONSOLE:1] "Error", source: https://g.alicdn.com/AWSC/et/1.83.8/et_f.js (1)
[26812:36696:0704/155626.119:INFO:CONSOLE:1] "Error", source: https://g.alicdn.com/AWSC/et/1.83.8/et_f.js (1)
[26812:36696:0704/155626.142:INFO:CONSOLE:1] "Error", source: https://g.alicdn.com/AWSC/et/1.83.8/et_f.js (1)
[26812:36696:0704/155628.029:INFO:CONSOLE:1] "Error", source: https://g.alicdn.com/AWSC/et/1.83.8/et_f.js (1)
[26812:36696:0704/155628.059:INFO:CONSOLE:1] "Error", source: https://g.alicdn.com/AWSC/et/1.83.8/et_f.js (1)
[26812:36696:0704/155628.349:WARNING:chrome\browser\edge_underside\underside_helper.cc:1301] If test does not need FrontLoad, this may be expected. SetFrontLoadDecision: 11
[26812:36696:0704/155628.349:WARNING:chrome\browser\ui\edge_window_tab_manager\api\wtm_image_web_contents_helper.cc:872] Favicon request has been preempted. Skipping.  old request_start_time=2025-07-04 07:56:08.121538 UTC, pending_favicon_request_start_time_=2025-07-04 07:56:25.906126 UTC
[26812:36696:0704/155628.350:WARNING:chrome\browser\ui\edge_window_tab_manager\api\wtm_image_web_contents_helper.cc:872] Favicon request has been preempted. Skipping.  old request_start_time=2025-07-04 07:56:09.604609 UTC, pending_favicon_request_start_time_=2025-07-04 07:56:25.906126 UTC
[26812:36696:0704/155628.350:WARNING:chrome\browser\ui\edge_window_tab_manager\api\wtm_image_web_contents_helper.cc:872] Favicon request has been preempted. Skipping.  old request_start_time=2025-07-04 07:56:09.761615 UTC, pending_favicon_request_start_time_=2025-07-04 07:56:25.906126 UTC
[26812:36696:0704/155628.350:WARNING:chrome\browser\ui\edge_window_tab_manager\api\wtm_image_web_contents_helper.cc:872] Favicon request has been preempted. Skipping.  old request_start_time=2025-07-04 07:56:15.325432 UTC, pending_favicon_request_start_time_=2025-07-04 07:56:25.906126 UTC
[26812:36696:0704/155628.350:WARNING:chrome\browser\ui\edge_window_tab_manager\api\wtm_image_web_contents_helper.cc:872] Favicon request has been preempted. Skipping.  old request_start_time=2025-07-04 07:56:16.849191 UTC, pending_favicon_request_start_time_=2025-07-04 07:56:25.906126 UTC
[26812:36696:0704/155628.350:WARNING:chrome\browser\ui\edge_window_tab_manager\api\wtm_image_web_contents_helper.cc:872] Favicon request has been preempted. Skipping.  old request_start_time=2025-07-04 07:56:20.034740 UTC, pending_favicon_request_start_time_=2025-07-04 07:56:25.906126 UTC
[28076:19996:0704/155628.737:INFO:components\services\edge_entity_extraction\extractor_impl.cc:990] ExtractorImpl::SetIsPendingEEConfig : 1
[26812:36696:0704/155629.034:INFO:CONSOLE:1] "auto_open_controller_script from Edge", source:  (1)
[26812:36696:0704/155634.635:INFO:CONSOLE:1] "Error", source: https://g.alicdn.com/AWSC/et/1.83.8/et_f.js (1)
[26812:36696:0704/155634.666:INFO:CONSOLE:1] "Error", source: https://g.alicdn.com/AWSC/et/1.83.8/et_f.js (1)
[26812:36696:0704/155639.417:INFO:CONSOLE:1] "Error", source: https://g.alicdn.com/AWSC/et/1.83.8/et_f.js (1)
[26812:36696:0704/155639.479:INFO:CONSOLE:1] "Error", source: https://g.alicdn.com/AWSC/et/1.83.8/et_f.js (1)
[26812:36696:0704/155644.663:INFO:CONSOLE:1] "Error", source: https://g.alicdn.com/AWSC/et/1.83.8/et_f.js (1)
[26812:36696:0704/155644.696:INFO:CONSOLE:1] "Error", source: https://g.alicdn.com/AWSC/et/1.83.8/et_f.js (1)
[26812:36696:0704/155652.673:INFO:CONSOLE:1] "Error", source: https://g.alicdn.com/AWSC/et/1.83.8/et_f.js (1)
[26812:36696:0704/155652.705:INFO:CONSOLE:1] "Error", source: https://g.alicdn.com/AWSC/et/1.83.8/et_f.js (1)
[26812:36696:0704/155658.477:INFO:CONSOLE:1] "Error", source: https://g.alicdn.com/AWSC/et/1.83.8/et_f.js (1)
[26812:36696:0704/155658.515:INFO:CONSOLE:1] "Error", source: https://g.alicdn.com/AWSC/et/1.83.8/et_f.js (1)
[26812:36696:0704/155704.735:INFO:CONSOLE:1] "Error", source: https://g.alicdn.com/AWSC/et/1.83.8/et_f.js (1)
[26812:36696:0704/155704.773:INFO:CONSOLE:1] "Error", source: https://g.alicdn.com/AWSC/et/1.83.8/et_f.js (1)
[26812:36696:0704/155712.529:INFO:CONSOLE:1] "Error", source: https://g.alicdn.com/AWSC/et/1.83.8/et_f.js (1)
[26812:36696:0704/155712.566:INFO:CONSOLE:1] "Error", source: https://g.alicdn.com/AWSC/et/1.83.8/et_f.js (1)
[26812:36696:0704/155720.301:INFO:CONSOLE:1] "Error", source: https://g.alicdn.com/AWSC/et/1.83.8/et_f.js (1)
[26812:36696:0704/155720.337:INFO:CONSOLE:1] "Error", source: https://g.alicdn.com/AWSC/et/1.83.8/et_f.js (1)
[26812:36696:0704/155720.809:INFO:CONSOLE:1] "将根据已有的meta标签来设置缩放比例", source: https://g.alicdn.com/mtb/lib-flexible/0.3.2/flexible.js (1)
[26812:36696:0704/155721.039:INFO:CONSOLE:1] "Error", source: https://g.alicdn.com/AWSC/et/1.83.8/et_f.js (1)
[3168:18572:0704/155721.183:INFO:third_party\webrtc\pc\usage_pattern.cc:33] Interesting usage signature 148832 observed after observer shutdown
[26812:36696:0704/155721.265:INFO:CONSOLE:1] "Error", source: https://g.alicdn.com/AWSC/et/1.83.8/et_f.js (1)
[26812:36696:0704/155721.317:INFO:CONSOLE:1] "Error", source: https://g.alicdn.com/AWSC/et/1.83.8/et_f.js (1)
[26812:36696:0704/155721.397:INFO:CONSOLE:1] "Error", source: https://g.alicdn.com/AWSC/et/1.83.8/et_f.js (1)
[26812:36696:0704/155721.409:INFO:CONSOLE:1] "Error", source: https://g.alicdn.com/AWSC/et/1.83.8/et_f.js (1)
[26812:36696:0704/155721.421:INFO:CONSOLE:1] "Error", source: https://g.alicdn.com/AWSC/et/1.83.8/et_f.js (1)
[26812:36696:0704/155721.445:INFO:CONSOLE:1] "Error", source: https://g.alicdn.com/AWSC/et/1.83.8/et_f.js (1)
[26812:36696:0704/155721.765:INFO:CONSOLE:1] "Permissions policy violation: accelerometer is not allowed in this document.", source: https://g.alicdn.com/AWSC/fireyejs/1.231.23/fireyejs.js (1)
[26812:36696:0704/155721.766:INFO:CONSOLE:1] "The deviceorientation events are blocked by permissions policy. See https://go.microsoft.com/fwlink/?linkid=2047894", source: https://g.alicdn.com/AWSC/fireyejs/1.231.23/fireyejs.js (1)
[26812:36696:0704/155721.785:INFO:CONSOLE:1] "Error", source: https://g.alicdn.com/AWSC/et/1.83.8/et_f.js (1)
[26812:36696:0704/155721.805:INFO:CONSOLE:1] "-ms-high-contrast is in the process of being deprecated. Please see https://blogs.windows.com/msedgedev/2024/04/29/deprecating-ms-high-contrast/ for tips on updating to the new Forced Colors Mode standard.", source: https://g.alicdn.com/AWSC/nc/1.97.0/nc.js (1)
[26812:36696:0704/155721.805:INFO:CONSOLE:1] "-ms-high-contrast is in the process of being deprecated. Please see https://blogs.windows.com/msedgedev/2024/04/29/deprecating-ms-high-contrast/ for tips on updating to the new Forced Colors Mode standard.", source: https://g.alicdn.com/AWSC/nc/1.97.0/nc.js (1)
[26812:36696:0704/155721.837:INFO:CONSOLE:1] "Error", source: https://g.alicdn.com/AWSC/et/1.83.8/et_f.js (1)
[41620:3340:0704/155808.167:VERBOSE1:components\viz\service\main\viz_main_impl.cc:86] VizNullHypothesis is disabled (not a warning)
[3168:38008:0704/155822.744:ERROR:components\edge_picture_in_picture\content\renderer\video_hover_overlay_agent.cc:49] Connection to VideoHoverOverlayDriver dropped
[26812:36696:0704/155822.893:WARNING:components\prefs\pref_notifier_impl.cc:41] Pref observer for video_enhancement.mode found at shutdown.
[26812:36696:0704/155823.065:WARNING:components\prefs\pref_notifier_impl.cc:41] Pref observer for edge_screenshot.shortcut.main found at shutdown.
[26812:36696:0704/155823.065:WARNING:components\prefs\pref_notifier_impl.cc:41] Pref observer for browser.touch_mode found at shutdown.
